Foo bar.
<pre>
I should exist still!
</pre>
<div class="moz-signature">-- <br/><br/>
I am the footer.
</div>
