<p>Asder ąśężźćńłó !@#$%^&#38;*()_+{}|”:&#60;&#62;?,./;’[]\`~ 1234567890.</p>
<p>Hu iue ćął djd.</p>
&#60;?&#62;<img/>
