"Something & nothing" Ã„ <script src="bad.js"></script>