Closed #122. â€”Reply to this email directly or view it on GitHub.