Rocketeers!I just posted the minutes to today's weekly meeting: https://wiki.mozilla.org/Jetpack